// Jest Snapshot v1, https://goo.gl/fbAQLP

exports[`android renders correctly 1`] = `
<View>
  <ActivityIndicator
    animating={true}
    hidesWhenStopped={true}
    size="large"
  />
</View>
`;
