// Jest Snapshot v1, https://goo.gl/fbAQLP

exports[`for text float layout should calculate text layout 1`] = `
<View
  style={
    Object {
      "height": 36,
    }
  }
>
  <View
    style={
      Array [
        Object {
          "height": 100,
          "width": 100,
        },
        Object {
          "height": 108,
          "left": 0,
          "position": "absolute",
          "top": 0,
          "width": 100,
        },
      ]
    }
  />
  <Text
    accessible={true}
    allowFontScaling={true}
    ellipsizeMode="tail"
    style={
      Object {
        "fontSize": 18,
        "height": undefined,
        "left": 100,
        "position": "absolute",
        "top": 0,
        "width": 400,
      }
    }
  >
    Test text foo bar baz  
  </Text>
</View>
`;
